/root/miniconda3/envs/aio/lib/python3.10/site-packages/huggingface_hub/file_download.py:949: FutureWarning: `resume_download` is deprecated and will be removed in version 1.0.0. Downloads always resume when possible. If you want to force a new download, use `force_download=True`.
  warnings.warn(
Some weights of the model checkpoint at m-a-p/MERT-v1-95M were not used when initializing MERTModel: ['encoder.pos_conv_embed.conv.weight_g', 'encoder.pos_conv_embed.conv.weight_v']
- This IS expected if you are initializing MERTModel from the checkpoint of a model trained on another task or with another architecture (e.g. initializing a BertForSequenceClassification model from a BertForPreTraining model).
- This IS NOT expected if you are initializing MERTModel from the checkpoint of a model that you expect to be exactly identical (initializing a BertForSequenceClassification model from a BertForSequenceClassification model).
Some weights of MERTModel were not initialized from the model checkpoint at m-a-p/MERT-v1-95M and are newly initialized: ['encoder.pos_conv_embed.conv.parametrizations.weight.original0', 'encoder.pos_conv_embed.conv.parametrizations.weight.original1']
You should probably TRAIN this model on a down-stream task to be able to use it for predictions and inference.
WARNING: feature_extractor_cqt requires the libray 'nnAudio'
{"track_id": "deam_0076", "status": "written", "frames": 45}
{"track_id": "deam_0077", "status": "written", "frames": 45}
{"track_id": "deam_0078", "status": "written", "frames": 45}
{"track_id": "deam_0079", "status": "written", "frames": 45}
{"track_id": "deam_0080", "status": "written", "frames": 45}
{"track_id": "deam_0081", "status": "written", "frames": 45}
{"track_id": "deam_0082", "status": "written", "frames": 45}
{"track_id": "deam_0083", "status": "written", "frames": 45}
{"track_id": "deam_0084", "status": "written", "frames": 45}
{"track_id": "deam_0085", "status": "written", "frames": 45}
{"track_id": "deam_0086", "status": "written", "frames": 45}
{"track_id": "deam_0087", "status": "written", "frames": 45}
{"track_id": "deam_0088", "status": "written", "frames": 45}
{"track_id": "deam_0089", "status": "written", "frames": 45}
{"track_id": "deam_0090", "status": "written", "frames": 45}
{"track_id": "deam_0091", "status": "written", "frames": 45}
{"track_id": "deam_0092", "status": "written", "frames": 45}
{"track_id": "deam_0093", "status": "written", "frames": 45}
{"track_id": "deam_0095", "status": "written", "frames": 45}
{"track_id": "deam_0096", "status": "written", "frames": 45}
{"track_id": "deam_0098", "status": "written", "frames": 45}
{"track_id": "deam_0099", "status": "written", "frames": 45}
{"track_id": "deam_0101", "status": "written", "frames": 45}
{"track_id": "deam_0102", "status": "written", "frames": 45}
{"track_id": "deam_0103", "status": "written", "frames": 45}
{"track_id": "deam_0104", "status": "written", "frames": 45}
{"track_id": "deam_0105", "status": "written", "frames": 45}
{"track_id": "deam_0106", "status": "written", "frames": 45}
{"track_id": "deam_0107", "status": "written", "frames": 45}
{"track_id": "deam_0108", "status": "written", "frames": 45}
{"track_id": "deam_0109", "status": "written", "frames": 45}
{"track_id": "deam_0110", "status": "written", "frames": 45}
{"track_id": "deam_0111", "status": "written", "frames": 45}
{"track_id": "deam_0112", "status": "written", "frames": 45}
{"track_id": "deam_0113", "status": "written", "frames": 45}
{"track_id": "deam_0114", "status": "written", "frames": 45}
{"track_id": "deam_0115", "status": "written", "frames": 45}
{"track_id": "deam_0116", "status": "written", "frames": 45}
{"track_id": "deam_0117", "status": "written", "frames": 45}
{"track_id": "deam_0118", "status": "written", "frames": 45}
{"track_id": "deam_0119", "status": "written", "frames": 45}
{"track_id": "deam_0120", "status": "written", "frames": 45}
{"track_id": "deam_0121", "status": "written", "frames": 45}
{"track_id": "deam_0122", "status": "written", "frames": 45}
{"track_id": "deam_0123", "status": "written", "frames": 45}
{"track_id": "deam_0124", "status": "written", "frames": 45}
{"track_id": "deam_0125", "status": "written", "frames": 45}
{"track_id": "deam_0126", "status": "written", "frames": 45}
{"track_id": "deam_0127", "status": "written", "frames": 45}
{"track_id": "deam_0128", "status": "written", "frames": 45}
{"track_id": "deam_0129", "status": "written", "frames": 45}
{"track_id": "deam_0130", "status": "written", "frames": 45}
{"track_id": "deam_0131", "status": "written", "frames": 45}
{"track_id": "deam_0133", "status": "written", "frames": 45}
{"track_id": "deam_0134", "status": "written", "frames": 45}
{"track_id": "deam_0135", "status": "written", "frames": 45}
{"track_id": "deam_0136", "status": "written", "frames": 45}
{"track_id": "deam_0137", "status": "written", "frames": 45}
{"track_id": "deam_0138", "status": "written", "frames": 45}
{"track_id": "deam_0140", "status": "written", "frames": 45}
{"track_id": "deam_0142", "status": "written", "frames": 45}
{"track_id": "deam_0143", "status": "written", "frames": 45}
{"track_id": "deam_0144", "status": "written", "frames": 45}
{"track_id": "deam_0145", "status": "written", "frames": 45}
{"track_id": "deam_0146", "status": "written", "frames": 44}
{"track_id": "deam_0148", "status": "written", "frames": 45}
{"track_id": "deam_0149", "status": "written", "frames": 45}
{"track_id": "deam_0150", "status": "written", "frames": 45}
{"track_id": "deam_0151", "status": "written", "frames": 45}
{"track_id": "deam_0152", "status": "written", "frames": 45}
{"track_id": "deam_0153", "status": "written", "frames": 45}
{"track_id": "deam_0154", "status": "written", "frames": 45}
{"track_id": "deam_0155", "status": "written", "frames": 45}
{"track_id": "deam_0156", "status": "written", "frames": 45}
{"track_id": "deam_0157", "status": "written", "frames": 45}
{"track_id": "deam_0158", "status": "written", "frames": 45}
{"track_id": "deam_0159", "status": "written", "frames": 45}
{"track_id": "deam_0160", "status": "written", "frames": 45}
{"track_id": "deam_0161", "status": "written", "frames": 45}
{"track_id": "deam_0162", "status": "written", "frames": 45}
{"track_id": "deam_0163", "status": "written", "frames": 45}
{"track_id": "deam_0164", "status": "written", "frames": 45}
{"track_id": "deam_0166", "status": "written", "frames": 45}
{"track_id": "deam_0167", "status": "written", "frames": 45}
{"track_id": "deam_0168", "status": "written", "frames": 45}
{"track_id": "deam_0169", "status": "written", "frames": 45}
{"track_id": "deam_0170", "status": "written", "frames": 45}
{"track_id": "deam_0171", "status": "written", "frames": 45}
{"track_id": "deam_0172", "status": "written", "frames": 45}
{"track_id": "deam_0173", "status": "written", "frames": 45}
{"track_id": "deam_0174", "status": "written", "frames": 45}
{"track_id": "deam_0175", "status": "written", "frames": 45}
{"track_id": "deam_0176", "status": "written", "frames": 45}
{"track_id": "deam_0177", "status": "written", "frames": 45}
{"track_id": "deam_0178", "status": "written", "frames": 45}
{"track_id": "deam_0179", "status": "written", "frames": 45}
{"track_id": "deam_0180", "status": "written", "frames": 45}
{"track_id": "deam_0181", "status": "written", "frames": 45}
{"track_id": "deam_0182", "status": "written", "frames": 45}
{"track_id": "deam_0184", "status": "written", "frames": 45}
{"track_id": "deam_0185", "status": "written", "frames": 45}
{"track_id": "deam_0186", "status": "written", "frames": 45}
{"track_id": "deam_0187", "status": "written", "frames": 45}
{"track_id": "deam_0188", "status": "written", "frames": 45}
{"track_id": "deam_0189", "status": "written", "frames": 45}
{"track_id": "deam_0190", "status": "written", "frames": 45}
{"track_id": "deam_0191", "status": "written", "frames": 45}
{"track_id": "deam_0192", "status": "written", "frames": 45}
{"track_id": "deam_0193", "status": "written", "frames": 45}
{"track_id": "deam_0194", "status": "written", "frames": 45}
{"track_id": "deam_0195", "status": "written", "frames": 45}
{"track_id": "deam_0196", "status": "written", "frames": 45}
{"track_id": "deam_0197", "status": "written", "frames": 45}
{"track_id": "deam_0198", "status": "written", "frames": 45}
{"track_id": "deam_0199", "status": "written", "frames": 45}
{"track_id": "deam_0201", "status": "written", "frames": 45}
{"track_id": "deam_0202", "status": "written", "frames": 45}
{"track_id": "deam_0203", "status": "written", "frames": 45}
{"track_id": "deam_0204", "status": "written", "frames": 45}
{"track_id": "deam_0205", "status": "written", "frames": 45}
{"track_id": "deam_0206", "status": "written", "frames": 45}
{"track_id": "deam_0207", "status": "written", "frames": 45}
{"track_id": "deam_0208", "status": "written", "frames": 45}
{"track_id": "deam_0209", "status": "written", "frames": 45}
{"track_id": "deam_0210", "status": "written", "frames": 45}
{"track_id": "deam_0211", "status": "written", "frames": 45}
{"track_id": "deam_0212", "status": "written", "frames": 45}
{"track_id": "deam_0213", "status": "written", "frames": 45}
{"track_id": "deam_0214", "status": "written", "frames": 45}
{"track_id": "deam_0215", "status": "written", "frames": 45}
{"track_id": "deam_0216", "status": "written", "frames": 45}
{"track_id": "deam_0217", "status": "written", "frames": 45}
{"track_id": "deam_0218", "status": "written", "frames": 45}
{"track_id": "deam_0219", "status": "written", "frames": 45}
{"track_id": "deam_0220", "status": "written", "frames": 45}
{"track_id": "deam_0221", "status": "written", "frames": 45}
{"track_id": "deam_0222", "status": "written", "frames": 45}
{"track_id": "deam_0223", "status": "written", "frames": 45}
{"track_id": "deam_0224", "status": "written", "frames": 45}
{"track_id": "deam_0225", "status": "written", "frames": 45}
{"track_id": "deam_0226", "status": "written", "frames": 45}
{"track_id": "deam_0227", "status": "written", "frames": 45}
{"track_id": "deam_0228", "status": "written", "frames": 45}
{"track_id": "deam_0229", "status": "written", "frames": 45}
{"track_id": "deam_0231", "status": "written", "frames": 45}
{"track_id": "deam_0232", "status": "written", "frames": 45}
{"track_id": "deam_0233", "status": "written", "frames": 45}
{"track_id": "deam_0234", "status": "written", "frames": 45}
{"track_id": "deam_0235", "status": "written", "frames": 45}
{"track_id": "deam_0236", "status": "written", "frames": 45}
{"track_id": "deam_0237", "status": "written", "frames": 45}
{"track_id": "deam_0238", "status": "written", "frames": 45}
{"track_id": "deam_0239", "status": "written", "frames": 45}
{"track_id": "deam_0240", "status": "written", "frames": 45}
{"track_id": "deam_0241", "status": "written", "frames": 45}
{"track_id": "deam_0242", "status": "written", "frames": 45}
{"track_id": "deam_0243", "status": "written", "frames": 45}
{"track_id": "deam_0244", "status": "written", "frames": 45}
{"track_id": "deam_0245", "status": "written", "frames": 45}
{"track_id": "deam_0246", "status": "written", "frames": 45}
{"track_id": "deam_0247", "status": "written", "frames": 45}
{"track_id": "deam_0248", "status": "written", "frames": 45}
{"track_id": "deam_0250", "status": "written", "frames": 45}
{"track_id": "deam_0253", "status": "written", "frames": 45}
{"track_id": "deam_0254", "status": "written", "frames": 45}
{"track_id": "deam_0257", "status": "written", "frames": 45}
{"track_id": "deam_0258", "status": "written", "frames": 45}
{"track_id": "deam_0260", "status": "written", "frames": 45}
{"track_id": "deam_0262", "status": "written", "frames": 45}
{"track_id": "deam_0264", "status": "written", "frames": 45}
{"track_id": "deam_0265", "status": "written", "frames": 45}
{"track_id": "deam_0266", "status": "written", "frames": 45}
{"track_id": "deam_0269", "status": "written", "frames": 45}
{"track_id": "deam_0270", "status": "written", "frames": 45}
{"track_id": "deam_0272", "status": "written", "frames": 44}
{"track_id": "deam_0281", "status": "written", "frames": 45}
{"track_id": "deam_0286", "status": "written", "frames": 45}
{"track_id": "deam_0289", "status": "written", "frames": 45}
{"track_id": "deam_0294", "status": "written", "frames": 45}
{"track_id": "deam_0306", "status": "written", "frames": 45}
{"track_id": "deam_0347", "status": "written", "frames": 45}
{"track_id": "deam_0353", "status": "written", "frames": 45}
{"track_id": "deam_0419", "status": "written", "frames": 45}
{"track_id": "deam_0429", "status": "written", "frames": 45}
{"track_id": "deam_0445", "status": "written", "frames": 45}
{"track_id": "deam_0468", "status": "written", "frames": 45}
{"track_id": "deam_0480", "status": "written", "frames": 45}
{"track_id": "deam_0485", "status": "written", "frames": 45}
{"track_id": "deam_0513", "status": "written", "frames": 45}
{"track_id": "deam_0554", "status": "written", "frames": 45}
{"track_id": "deam_0608", "status": "written", "frames": 45}
{"track_id": "deam_0637", "status": "written", "frames": 45}
{"track_id": "deam_0638", "status": "written", "frames": 45}
{"track_id": "deam_0646", "status": "written", "frames": 45}
{"track_id": "deam_0656", "status": "written", "frames": 45}
{"track_id": "deam_0715", "status": "written", "frames": 45}
{"track_id": "deam_0727", "status": "written", "frames": 45}
{"track_id": "deam_0736", "status": "written", "frames": 45}
{"track_id": "deam_0747", "status": "written", "frames": 45}
{"track_id": "deam_0791", "status": "written", "frames": 45}
{"track_id": "deam_0811", "status": "written", "frames": 45}
{"track_id": "deam_0839", "status": "written", "frames": 45}
{"track_id": "deam_0845", "status": "written", "frames": 45}
{"track_id": "deam_0852", "status": "written", "frames": 45}
{"track_id": "deam_0855", "status": "written", "frames": 45}
{"written": 205, "skipped": 0, "failed": 0}
